// Jest Snapshot v1, https://goo.gl/fbAQLP

exports[`StyledRow matches the snapshot 1`] = `
<WithStyles(ForwardRef(TableRow))
  classes={
    Object {
      "root": "WithStyles(ForwardRef(TableRow))-root-1",
    }
  }
>
  content
</WithStyles(ForwardRef(TableRow))>
`;
